     1                                  ;マクロ
     2                                  
     3                                  %include    "../include/define.s"
     1                              <1>         BOOT_SIZE       equ     (1024 * 8)                      ; boot size
     2                              <1>         KERNEL_SIZE     equ     (1024 * 8)                      ; kernel size
     3                              <1> 
     4                              <1>         BOOT_LOAD       equ     0x7c00                          ;ブートプログラムのロード位置
     5                              <1>         BOOT_END        equ     (BOOT_LOAD + BOOT_SIZE)
     6                              <1> 
     7                              <1>         KERNEL_LOAD     equ     0x0010_1000
     8                              <1> 
     9                              <1>         SECT_SIZE       equ     (512)                           ;セクタサイズ
    10                              <1> 
    11                              <1>         BOOT_SECT       equ     (BOOT_SIZE / SECT_SIZE)         ;ブートプログラムのセクタ数
    12                              <1>         KERNEL_SECT     equ     (KERNEL_SIZE / SECT_SIZE)
    13                              <1> 
    14                              <1>         E820_RECORD_SIZE        equ     20
     4                                  %include    "../include/macro.s"
     1                              <1> %macro  cdecl 1-*.nolist
     2                              <1> 
     3                              <1>     %rep  %0 - 1
     4                              <1>         push    %{-1:-1}
     5                              <1>         %rotate -1
     6                              <1>     %endrep
     7                              <1>     %rotate -1
     8                              <1> 
     9                              <1>         call    %1
    10                              <1> 
    11                              <1>     %if 1 < %0
    12                              <1>         add     sp, (__BITS__ >> 3) * (%0 - 1)
    13                              <1>     %endif
    14                              <1> 
    15                              <1> %endmacro
    16                              <1> 
    17                              <1> struc   drive                               ;セクタ読み出し時のパラメータを構造体で定義
    18 00000000 <res 00000002>      <1>             .no         resw    1           ;ドライブ番号
    19 00000002 <res 00000002>      <1>             .cyln       resw    1           ;シリンダ
    20 00000004 <res 00000002>      <1>             .head       resw    1           ;ヘッド
    21 00000006 <res 00000002>      <1>             .sect       resw    1           ;セクタ
    22                              <1> endstruc
     5                                  
     6                                                  ORG     KERNEL_LOAD                             ; load address of kernel
     7                                  
     8                                  [BITS 32]                                                       ; BIT 32 directive
     9                                  ; entry point
    10                                  
    11                                  kernel:
    12                                  
    13                                                  ; Get Font address
    14 00000000 BE007E0000                              mov     esi, BOOT_LOAD + SECT_SIZE              ; ESI = 0x7x00 + 512
    15 00000005 0FB706                                  movzx   eax, word [esi + 0]                     ; segment
    16 00000008 0FB75E02                                movzx   ebx, word [esi + 2]                     ; offset
    17 0000000C C1E004                                  shl     eax, 4
    18 0000000F 01D8                                    add     eax, ebx
    19 00000011 A3[90000000]                            mov     [FONT_ADR], eax                         ; FONT_ADR[0] = EAX
    20                                  
    21                                                  ; put char
    22 00000016 6A41680F0100006A00-                     cdecl   draw_char, 0, 0, 0x010F, 'A'
    22 0000001F 6A00E8F00000006683-
    22 00000028 C410               
    23 0000002A 6A42680F0100006A00-                     cdecl   draw_char, 1, 0, 0x010F, 'B'
    23 00000033 6A01E8DC0000006683-
    23 0000003C C410               
    24 0000003E 6A43680F0100006A00-                     cdecl   draw_char, 2, 0, 0x010F, 'C'
    24 00000047 6A02E8C80000006683-
    24 00000050 C410               
    25                                  
    26 00000052 6A30680F0100006A00-                     cdecl   draw_char, 0, 0, 0x010F, '0'
    26 0000005B 6A00E8B40000006683-
    26 00000064 C410               
    27 00000066 6A31680F0100006A00-                     cdecl   draw_char, 1, 0, 0x010F, '1'
    27 0000006F 6A01E8A00000006683-
    27 00000078 C410               
    28 0000007A 6A2D680F0100006A00-                     cdecl   draw_char, 2, 0, 0x010F, '-'
    28 00000083 6A02E88C0000006683-
    28 0000008C C410               
    29                                  
    30                                                  ; End of Process
    31 0000008E EBFE                                    jmp     $
    32                                  
    33                                  ALIGN 4, db 0
    34 00000090 00000000                FONT_ADR:   dd 0
    35                                  
    36                                  ; modules
    37                                  %include    "../modules/protect/vga.s"
     1                              <1> vga_set_read_plane:
     2                              <1> 
     3                              <1>             ; construct stack frame
     4 00000094 55                  <1>             push    ebp                                     ;   +8 | reading plane
     5 00000095 89E5                <1>             mov     ebp, esp                                ;   +4 | IP(instruction pointer)
     6                              <1>                                                             ;EBP+0 | EBP
     7                              <1> 
     8                              <1>             ; save registers
     9 00000097 50                  <1>             push    eax
    10 00000098 52                  <1>             push    edx
    11                              <1> 
    12                              <1>             ; choose reading plane
    13 00000099 8A6508              <1>             mov     ah, [ebp + 8]                           ; 3=luminance, 2~0=RGB
    14 0000009C 80E403              <1>             and     ah, 0x03                                ; bit mask
    15 0000009F B004                <1>             mov     al, 0x04                                ; register of choosing reading plane
    16 000000A1 66BACE03            <1>             mov     dx, 0x03CE                              ; DX = graphix control port
    17 000000A5 66EF                <1>             out     dx, ax
    18                              <1> 
    19                              <1>             ; return registers
    20 000000A7 5A                  <1>             pop     edx
    21 000000A8 58                  <1>             pop     eax
    22                              <1> 
    23                              <1>             ; destruct stack frame
    24 000000A9 89EC                <1>             mov     esp, ebp
    25 000000AB 5D                  <1>             pop     ebp
    26                              <1> 
    27                              <1> vga_set_write_plane:
    28                              <1> 
    29                              <1>             ; construct stack frame
    30 000000AC 55                  <1>             push    ebp                                     ;   +8 | writing plane
    31 000000AD 89E5                <1>             mov     ebp, esp                                ;   +4 | IP(instruction pointer)
    32                              <1>                                                             ;EBP+0 | EBP
    33                              <1> 
    34                              <1>             ; save registers
    35 000000AF 50                  <1>             push    eax
    36 000000B0 52                  <1>             push    edx
    37                              <1> 
    38                              <1>             ; choose writing plane
    39 000000B1 8A6508              <1>             mov     ah, [ebp + 8]                           ; AH = ----IRGB
    40 000000B4 80E40F              <1>             and     ah, 0x0F                                ; bit mask
    41 000000B7 B002                <1>             mov     al, 0x02                                ; AL = map mask register(choosing writing plane)
    42 000000B9 66BAC403            <1>             mov     dx, 0x03C4                              ; DX = sequencer control port
    43 000000BD 66EF                <1>             out     dx, ax
    44                              <1> 
    45                              <1>             ; return registers
    46 000000BF 5A                  <1>             pop     edx
    47 000000C0 58                  <1>             pop     eax
    48                              <1> 
    49                              <1>             ; destruct stack frame
    50 000000C1 89EC                <1>             mov     esp, ebp
    51 000000C3 5D                  <1>             pop     ebp
    52                              <1> 
    53                              <1> vram_font_copy:
    54                              <1> 
    55                              <1>             ; construct stack frame                         ;   +20 | color
    56 000000C4 55                  <1>             push    ebp                                     ;   +16 | color plane
    57 000000C5 89E5                <1>             mov     ebp, esp                                ;   +12 | VRAM address
    58                              <1>                                                             ;EBP+ 8 | font address
    59                              <1> 
    60                              <1>             ; save registers
    61 000000C7 50                  <1>             push    eax
    62 000000C8 53                  <1>             push    ebx
    63 000000C9 51                  <1>             push    ecx
    64 000000CA 52                  <1>             push    edx
    65 000000CB 56                  <1>             push    esi
    66 000000CC 57                  <1>             push    edi
    67                              <1> 
    68                              <1>             ; main process
    69 000000CD 8B7508              <1>             mov     esi, [ebp + 8]
    70 000000D0 8B7D0C              <1>             mov     edi, [ebp + 12]
    71 000000D3 0FB64510            <1>             movzx   eax, byte [ebp + 16]                    ; EAX = color plane // zero expansion
    72 000000D7 0FB75D14            <1>             movzx   ebx, word [ebp + 20]                    ; EBX = color
    73                              <1> 
    74                              <1>             ; make mask data
    75 000000DB 84C7                <1>             test    bh, al                                  ; ZF = (background color & color plane)
    76 000000DD 0F94C6              <1>             setz    dh                                      ; DH = 0x01 if (ZF == 1) else DH = 0x00
    77 000000E0 FECE                <1>             dec     dh                                      ; DH = 0x00 or 0xFF
    78                              <1> 
    79 000000E2 84C3                <1>             test    bl, al                                  ; ZF = (foreground color & color plane)
    80 000000E4 0F94C2              <1>             setz    dl                                      ; DH = 0x01 if (ZF == 1) else DH = 0x00
    81 000000E7 FECA                <1>             dec     dl                                      ; DH = 0x00 or 0xFF
    82                              <1> 
    83                              <1>             ; copy 16 dot font
    84 000000E9 FC                  <1>             cld                                             ; DF = 0 // plus
    85                              <1> 
    86 000000EA B910000000          <1>             mov     ecx, 16                                 ; font data(height = 16, length = 8)
    87                              <1> .10L:
    88                              <1> 
    89                              <1>             ; make reversed font
    90 000000EF AC                  <1>             lodsb                                           ; AL = [ESI]; ESI += <op><size>
    91 000000F0 88C4                <1>             mov     ah, al
    92 000000F2 F6D4                <1>             not     ah
    93                              <1> 
    94                              <1>             ; foreground color
    95 000000F4 20D0                <1>             and     al, dl                                  ; AL = font & foreground color
    96                              <1> 
    97                              <1>             ; background color
    98 000000F6 F7C310000000        <1>             test    ebx, 0x0010                             ; if (transmissive mode)
    99 000000FC 7404                <1>             jz      .11F                                    ; {
   100 000000FE 2227                <1>             and     ah, [edi]                               ;   AH = !font & [EDI]; // get current value
   101 00000100 EB02                <1>             jmp     .11E                                    ; } else
   102                              <1> .11F:                                                       ; {
   103 00000102 20F4                <1>             and     ah, dh                                  ;   AH = !font & background color;
   104                              <1>                                                             ; }
   105                              <1> 
   106                              <1> .11E:
   107                              <1>             ; synthesize bakcground & foreground color
   108 00000104 08E0                <1>             or      al, ah
   109                              <1> 
   110                              <1>             ; out new value
   111 00000106 8807                <1>             mov     [edi], al
   112                              <1> 
   113 00000108 83C750              <1>             add     edi, 80
   114 0000010B E2E2                <1>             loop    .10L
   115                              <1> .10E:
   116                              <1> 
   117                              <1>             ; return registers
   118 0000010D 5F                  <1>             pop     edi
   119 0000010E 5E                  <1>             pop     esi
   120 0000010F 5A                  <1>             pop     edx
   121 00000110 59                  <1>             pop     ecx
   122 00000111 5B                  <1>             pop     ebx
   123 00000112 58                  <1>             pop     eax
   124                              <1> 
   125                              <1>             ; destruct stack frame
   126 00000113 89EC                <1>             mov     esp, ebp
   127 00000115 5D                  <1>             pop     ebp
    38                                  %include    "../modules/protect/draw_char.s"
     1                              <1> draw_char:
     2                              <1> 
     3                              <1>             ; construct stack frame                             ;   +20 | char code
     4 00000116 55                  <1>             push    ebp                                         ;   +16 | color
     5 00000117 89E5                <1>             mov     ebp, esp                                    ;   +12 | row(0~29)
     6                              <1>                                                                 ;EBP+ 8 | column(0~79)
     7                              <1> 
     8                              <1>             ; save registers
     9 00000119 53                  <1>             push    ebx
    10 0000011A 56                  <1>             push    esi
    11 0000011B 57                  <1>             push    edi
    12                              <1> 
    13                              <1>             ; set copy_target font address
    14 0000011C 0FB67514            <1>             movzx   esi, byte [ebp + 20]
    15 00000120 C1E604              <1>             shl     esi, 4                                      ; *= 16 // 16 byte per char
    16 00000123 0335[90000000]      <1>             add     esi, [FONT_ADR]                             ; ESI = font address
    17                              <1> 
    18                              <1>             ; get copy_dest VRAM address
    19                              <1>             ; ADR = 0xA0000 + ( ( 640 / 8) * 16 ) * y + x
    20                              <1>             ; y:row, x:column
    21                              <1> 
    22 00000129 8B7D0C              <1>             mov     edi, [ebp + 12]
    23 0000012C C1E708              <1>             shl     edi, 8                                      ; EDI = row * 256
    24 0000012F 8DBCBF00000A00      <1>             lea     edi, [edi * 4 + edi + 0xA0000]              ; EDI = row * 4 + row
    25 00000136 037D08              <1>             add     edi, [ebp + 8]
    26                              <1> 
    27                              <1>             ; output a char of font
    28 00000139 0FB75D10            <1>             movzx   ebx, word [ebp + 16]
    29                              <1> 
    30 0000013D 6A03E850FFFFFF6683- <1>             cdecl   vga_set_read_plane, 0x03                    ; writing plane : luminance(I)
    30 00000146 C404                <1>
    31 00000148 6A08E85DFFFFFF6683- <1>             cdecl   vga_set_write_plane, 0x08                   ; reading plane : luminance(I)
    31 00000151 C404                <1>
    32 00000153 536A085756E867FFFF- <1>             cdecl   vram_font_copy, esi, edi, 0x08, ebx
    32 0000015C FF6683C410          <1>
    33                              <1> 
    34 00000161 6A02E82CFFFFFF6683- <1>             cdecl   vga_set_read_plane, 0x02                    ; writing plane : red(R)
    34 0000016A C404                <1>
    35 0000016C 6A04E839FFFFFF6683- <1>             cdecl   vga_set_write_plane, 0x04                   ; reading plane : red(R)
    35 00000175 C404                <1>
    36 00000177 536A045756E843FFFF- <1>             cdecl   vram_font_copy, esi, edi, 0x04, ebx
    36 00000180 FF6683C410          <1>
    37                              <1> 
    38 00000185 6A01E808FFFFFF6683- <1>             cdecl   vga_set_read_plane, 0x01                    ; writing plane : green(G)
    38 0000018E C404                <1>
    39 00000190 6A02E815FFFFFF6683- <1>             cdecl   vga_set_write_plane, 0x02                   ; reading plane : green(G)
    39 00000199 C404                <1>
    40 0000019B 536A025756E81FFFFF- <1>             cdecl   vram_font_copy, esi, edi, 0x02, ebx
    40 000001A4 FF6683C410          <1>
    41                              <1> 
    42 000001A9 6A00E8E4FEFFFF6683- <1>             cdecl   vga_set_read_plane, 0x00                    ; writing plane : blue(B)
    42 000001B2 C404                <1>
    43 000001B4 6A01E8F1FEFFFF6683- <1>             cdecl   vga_set_write_plane, 0x01                   ; reading plane : blue(B)
    43 000001BD C404                <1>
    44 000001BF 536A015756E8FBFEFF- <1>             cdecl   vram_font_copy, esi, edi, 0x01, ebx
    44 000001C8 FF6683C410          <1>
    39                                  
    40                                                  ; Padding
    41                                  
    42 000001CD 00<rept>                                times   KERNEL_SIZE - ($ - $$)      db 0x00     ; size of kernel // 8K byte
