     1                                  ;エントリポイント
     2                                  
     3                                  entry:
     4 00000000 EB58                            jmp     ipl
     5                                  
     6                                          ; BIOS Parameter Block
     7                                  
     8 00000002 90<rept>                        times 90 - ($ - $$) db 0x90
     9                                  
    10                                          ; Initial Program Loader
    11                                  
    12                                  ipl:
    13                                  
    14                                          ; 処理の終了
    15                                  
    16 0000005A EBFE                            jmp     $
    17                                  
    18                                  ;ブートフラグ(512biteの終了)
    19                                  
    20 0000005C 00<rept>                        times   510 - ($ - $$) db 0x00
    21 000001FE 55AA                            db 0x55, 0xAA
